// Vitest Snapshot v1, https://vitest.dev/guide/snapshot.html

exports[`latest model per provider snapshot > matches snapshot 1`] = `
{
  "anthropic": {
    "modelId": "claude-sonnet-4-6",
    "releaseDate": "2026-02-17",
  },
  "deepseek": {
    "modelId": "deepseek-reasoner",
    "releaseDate": "2025-12-01",
  },
  "google": {
    "modelId": "gemini-3.1-flash-lite-preview",
    "releaseDate": "2026-03-03",
  },
  "moonshotai": {
    "modelId": "kimi-k2.5",
    "releaseDate": "2026-01",
  },
  "openai": {
    "modelId": "gpt-5.4-nano",
    "releaseDate": "2026-03-17",
  },
  "opencode": {
    "modelId": "qwen3.6-plus-free",
    "releaseDate": "2026-03-30",
  },
  "openrouter": {
    "modelId": "qwen/qwen3.6-plus:free",
    "releaseDate": "2026-04-02",
  },
  "xai": {
    "modelId": "grok-4.20-multi-agent-0309",
    "releaseDate": "2026-03-09",
  },
}
`;
